// Jest Snapshot v1, https://goo.gl/fbAQLP

exports[`Pruebas en <DeleteButton /> Debe de mostrar el componente correctamente 1`] = `
<div>
  <button
    class="inline-flex items-center justify-center whitespace-nowrap text-sm font-medium ring-offset-white transition-colors focus-visible:outline-none focus-visible:ring-2 focus-visible:ring-navy-950 focus-visible:ring-offset-2 disabled:pointer-events-none disabled:opacity-50 dark:ring-offset-navy-950 dark:focus-visible:ring-navy-300 bg-red-500 text-navy-50 hover:bg-red-500/90 dark:bg-red-900 dark:text-navy-50 dark:hover:bg-red-900/90 fixed rounded-full bottom-[70px] right-6 h-auto w-auto p-2"
  >
    <svg
      class="lucide lucide-trash"
      fill="none"
      height="20"
      stroke="currentColor"
      stroke-linecap="round"
      stroke-linejoin="round"
      stroke-width="2"
      viewBox="0 0 24 24"
      width="20"
      xmlns="http://www.w3.org/2000/svg"
    >
      <path
        d="M3 6h18"
      />
      <path
        d="M19 6v14c0 1-1 2-2 2H7c-1 0-2-1-2-2V6"
      />
      <path
        d="M8 6V4c0-1 1-2 2-2h4c1 0 2 1 2 2v2"
      />
    </svg>
  </button>
</div>
`;

exports[`Pruebas en <DeleteButton /> No debe mostrar el componente si no hay un evento activo 1`] = `<div />`;
